
> sigrika-go@0.1.0 build
> vite build

vite v6.4.3 building for production...
transforming...

__VITE_PUBLIC_ASSET__616c2476__ referenced in __VITE_PUBLIC_ASSET__616c2476__ didn't resolve at build time, it will remain unchanged to be resolved at runtime

__VITE_PUBLIC_ASSET__c67d4ebe__ referenced in __VITE_PUBLIC_ASSET__c67d4ebe__ didn't resolve at build time, it will remain unchanged to be resolved at runtime
✓ 2709 modules transformed.
rendering chunks...
computing gzip size...
dist/index.html                                       2.75 kB │ gzip:   1.24 kB
dist/assets/practiceEngine.worker-BqwyEzGx.js        26.10 kB
dist/assets/App-xOahuKah.css                         12.10 kB │ gzip:   3.08 kB
dist/assets/AdminConsole-BmTk_mFw.css                64.24 kB │ gzip:  11.18 kB
dist/assets/index-BgBBbZPf.css                    1,293.30 kB │ gzip: 180.36 kB
dist/assets/shopItemIllust-BWs_Kd_V.js                0.12 kB │ gzip:   0.11 kB
dist/assets/check-CAMKjaf4.js                         0.30 kB │ gzip:   0.24 kB
dist/assets/search-DV_PMnCi.js                        0.35 kB │ gzip:   0.27 kB
dist/assets/circle-dollar-sign-BPVLonci.js            0.42 kB │ gzip:   0.31 kB
dist/assets/award-BT49gf9l.js                         0.45 kB │ gzip:   0.33 kB
dist/assets/ticket-C3wzNMnN.js                        0.49 kB │ gzip:   0.32 kB
dist/assets/refresh-cw-9yMc_RL4.js                    0.49 kB │ gzip:   0.33 kB
dist/assets/trash-2-CqUsHFl6.js                       0.53 kB │ gzip:   0.36 kB
dist/assets/package-Ig6DVAIc.js                       0.54 kB │ gzip:   0.36 kB
dist/assets/StoneDecorationPreview-uCGSoDZ2.js        0.57 kB │ gzip:   0.38 kB
dist/assets/palette-B5Yhy0EW.js                       0.68 kB │ gzip:   0.38 kB
dist/assets/MessageBoardModal-DcgMdp09.js             1.38 kB │ gzip:   0.85 kB
dist/assets/MarkdownLiteContent-DO4bP3rb.js           2.40 kB │ gzip:   1.02 kB
dist/assets/InformationCenterLayout-BJeQLyrH.js       2.46 kB │ gzip:   1.18 kB
dist/assets/BattleAssetPreloadScreen-CscfjNZi.js      2.67 kB │ gzip:   1.33 kB
dist/assets/WatchModal-BmiG1Gie.js                    3.94 kB │ gzip:   1.70 kB
dist/assets/AchievementModal-C7QhM4H-.js              4.22 kB │ gzip:   1.95 kB
dist/assets/LeaderboardModal-D3iuLpwk.js              4.49 kB │ gzip:   1.91 kB
dist/assets/ResumeModal-WQTaeLG-.js                   4.70 kB │ gzip:   2.16 kB
dist/assets/SettingsModal-DkfH0ykQ.js                 5.33 kB │ gzip:   2.08 kB
dist/assets/PersonalizationModal-ChN576nE.js          5.74 kB │ gzip:   2.23 kB
dist/assets/WarehouseModal-Cll2AMzm.js                7.85 kB │ gzip:   3.13 kB
dist/assets/FriendsModal-YwltEoeJ.js                  7.86 kB │ gzip:   2.93 kB
dist/assets/AnnouncementModal-VKfqltlO.js             8.09 kB │ gzip:   3.19 kB
dist/assets/MailboxModal-CBNm59Jv.js                  9.25 kB │ gzip:   3.66 kB
dist/assets/HouseModal-B8xUJ0gO.js                   13.54 kB │ gzip:   4.86 kB
dist/assets/RecruitmentModal-CmyT6o3n.js             17.19 kB │ gzip:   5.85 kB
dist/assets/TutorialBattleScreen-CtewRx-a.js         20.99 kB │ gzip:   7.34 kB
dist/assets/ShopModal-Bpk3ReNK.js                    26.24 kB │ gzip:   8.53 kB
dist/assets/realtime-vendor-QyAzXPig.js              41.59 kB │ gzip:  13.02 kB
dist/assets/index-DRPkrWCG.js                        76.81 kB │ gzip:  25.19 kB
dist/assets/react-vendor-DvgcfV-f.js                193.93 kB │ gzip:  60.58 kB
dist/assets/AdminConsole-CLtKvUWa.js                211.51 kB │ gzip:  57.68 kB
dist/assets/App-DeUP-dmy.js                         454.84 kB │ gzip: 143.58 kB
dist/assets/pixi-vendor-DKLUOadx.js                 870.42 kB │ gzip: 249.95 kB
dist/assets/exceljs.min-CkSz_nNj.js                 940.20 kB │ gzip: 271.34 kB

(!) Some chunks are larger than 900 kB after minification. Consider:
- Using dynamic import() to code-split the application
- Use build.rollupOptions.output.manualChunks to improve chunking: https://rollupjs.org/configuration-options/#output-manualchunks
- Adjust chunk size limit for this warning via build.chunkSizeWarningLimit.
✓ built in 18.07s
