[WebServer] (node:292) Warning: The 'NO_COLOR' env is ignored due to the 'FORCE_COLOR' env being set.
[WebServer] (Use `node --trace-warnings ...` to show where the warning was created)
[WebServer] 
[WebServer] __VITE_PUBLIC_ASSET__616c2476__ referenced in __VITE_PUBLIC_ASSET__616c2476__ didn't resolve at build time, it will remain unchanged to be resolved at runtime
[WebServer] 
[WebServer] __VITE_PUBLIC_ASSET__c67d4ebe__ referenced in __VITE_PUBLIC_ASSET__c67d4ebe__ didn't resolve at build time, it will remain unchanged to be resolved at runtime

Running 3 tests using 1 worker

(node:44144) Warning: The 'NO_COLOR' env is ignored due to the 'FORCE_COLOR' env being set.
(Use `node --trace-warnings ...` to show where the warning was created)
(node:44144) Warning: The 'NO_COLOR' env is ignored due to the 'FORCE_COLOR' env being set.
(Use `node --trace-warnings ...` to show where the warning was created)
[WebServer] 19:15:12 [vite] http proxy error: /api/skill-traits
[WebServer] AggregateError [ECONNREFUSED]: 
[WebServer]     at internalConnectMultiple (node:net:1193:18)
[WebServer]     at afterConnectMultiple (node:net:1783:7)
  ok 1 tests\e2e\team-match.spec.js:8:3 › team lineup and portraits at 1280 (2.6s)
[WebServer] 19:15:14 [vite] http proxy error: /api/skill-traits
[WebServer] AggregateError [ECONNREFUSED]: 
[WebServer]     at internalConnectMultiple (node:net:1193:18)
[WebServer]     at afterConnectMultiple (node:net:1783:7)
  ok 2 tests\e2e\team-match.spec.js:8:3 › team lineup and portraits at 390 (1.5s)
[WebServer] 19:15:15 [vite] http proxy error: /api/skill-traits
[WebServer] AggregateError [ECONNREFUSED]: 
[WebServer]     at internalConnectMultiple (node:net:1193:18)
[WebServer]     at afterConnectMultiple (node:net:1783:7)
  ok 3 tests\e2e\team-match.spec.js:8:3 › team lineup and portraits at 360 (1.1s)

  3 passed (23.2s)
