
> sigrika-go@0.1.0 build
> vite build

vite v6.4.3 building for production...
transforming...

__VITE_PUBLIC_ASSET__616c2476__ referenced in __VITE_PUBLIC_ASSET__616c2476__ didn't resolve at build time, it will remain unchanged to be resolved at runtime

__VITE_PUBLIC_ASSET__c67d4ebe__ referenced in __VITE_PUBLIC_ASSET__c67d4ebe__ didn't resolve at build time, it will remain unchanged to be resolved at runtime
✓ 2694 modules transformed.
rendering chunks...
computing gzip size...
dist/index.html                                       0.73 kB │ gzip:   0.36 kB
dist/assets/TutorialBattleScreen-xOahuKah.css        12.10 kB │ gzip:   3.08 kB
dist/assets/AdminConsole-BmTk_mFw.css                64.24 kB │ gzip:  11.18 kB
dist/assets/index-DWm47maA.css                    1,247.49 kB │ gzip: 174.92 kB
dist/assets/shopItemIllust-C8H0G_eE.js                0.12 kB │ gzip:   0.11 kB
dist/assets/check-RzArX6wf.js                         0.30 kB │ gzip:   0.25 kB
dist/assets/search-CDNAkDWE.js                        0.35 kB │ gzip:   0.27 kB
dist/assets/circle-dollar-sign-3INzyZyF.js            0.42 kB │ gzip:   0.31 kB
dist/assets/award-DxqgX_oy.js                         0.45 kB │ gzip:   0.33 kB
dist/assets/refresh-cw-DBN75Rzy.js                    0.49 kB │ gzip:   0.33 kB
dist/assets/ticket-B_VW2jFp.js                        0.49 kB │ gzip:   0.32 kB
dist/assets/trash-2-Dg915Bk-.js                       0.53 kB │ gzip:   0.35 kB
dist/assets/package-D-csYs9Y.js                       0.55 kB │ gzip:   0.36 kB
dist/assets/StoneDecorationPreview-uCGSoDZ2.js        0.57 kB │ gzip:   0.38 kB
dist/assets/palette-KhHlRA-p.js                       0.68 kB │ gzip:   0.38 kB
dist/assets/MessageBoardModal-utTU81Qv.js             1.35 kB │ gzip:   0.83 kB
dist/assets/InformationCenterLayout-D54tWI3R.js       2.19 kB │ gzip:   1.00 kB
dist/assets/MarkdownLiteContent-DO4bP3rb.js           2.40 kB │ gzip:   1.02 kB
dist/assets/BattleAssetPreloadScreen-BroYqewY.js      2.64 kB │ gzip:   1.32 kB
dist/assets/WatchModal-CPnJu3WE.js                    3.90 kB │ gzip:   1.68 kB
dist/assets/AchievementModal-DRML7ysV.js              4.18 kB │ gzip:   1.94 kB
dist/assets/LeaderboardModal-zEJo-Wv9.js              4.44 kB │ gzip:   1.90 kB
dist/assets/ResumeModal-Bh1q0xdK.js                   4.68 kB │ gzip:   2.16 kB
dist/assets/SettingsModal-3rIXC5jG.js                 5.30 kB │ gzip:   2.07 kB
dist/assets/PersonalizationModal-Cbtjsv-M.js          5.71 kB │ gzip:   2.21 kB
dist/assets/FriendsModal-CuqtW8LB.js                  7.83 kB │ gzip:   2.92 kB
dist/assets/AnnouncementModal-C1UAMMa6.js             8.06 kB │ gzip:   3.17 kB
dist/assets/WarehouseModal-CDM9ueEL.js                8.82 kB │ gzip:   3.59 kB
dist/assets/MailboxModal-T4bsu1AR.js                  9.22 kB │ gzip:   3.64 kB
dist/assets/HouseModal-DMByYytM.js                   13.43 kB │ gzip:   4.81 kB
dist/assets/RecruitmentModal-DcPbYzDG.js             17.15 kB │ gzip:   5.84 kB
dist/assets/TutorialBattleScreen-t8sbBY0g.js         21.78 kB │ gzip:   7.66 kB
dist/assets/ShopModal-Dh288MaF.js                    26.21 kB │ gzip:   8.52 kB
dist/assets/realtime-vendor-QyAzXPig.js              41.59 kB │ gzip:  13.02 kB
dist/assets/react-vendor-DvgcfV-f.js                193.93 kB │ gzip:  60.58 kB
dist/assets/AdminConsole-BwohleXo.js                213.90 kB │ gzip:  58.20 kB
dist/assets/index-DFPoDKKv.js                       505.40 kB │ gzip: 158.06 kB
dist/assets/pixi-vendor-DKLUOadx.js                 870.42 kB │ gzip: 249.95 kB
dist/assets/exceljs.min-CkSz_nNj.js                 940.20 kB │ gzip: 271.34 kB

(!) Some chunks are larger than 900 kB after minification. Consider:
- Using dynamic import() to code-split the application
- Use build.rollupOptions.output.manualChunks to improve chunking: https://rollupjs.org/configuration-options/#output-manualchunks
- Adjust chunk size limit for this warning via build.chunkSizeWarningLimit.
✓ built in 20.55s
