
> sigrika-go@0.1.0 build
> vite build

vite v6.4.3 building for production...
transforming...

__VITE_PUBLIC_ASSET__616c2476__ referenced in __VITE_PUBLIC_ASSET__616c2476__ didn't resolve at build time, it will remain unchanged to be resolved at runtime

__VITE_PUBLIC_ASSET__c67d4ebe__ referenced in __VITE_PUBLIC_ASSET__c67d4ebe__ didn't resolve at build time, it will remain unchanged to be resolved at runtime
✓ 2694 modules transformed.
rendering chunks...
computing gzip size...
dist/index.html                                       0.73 kB │ gzip:   0.36 kB
dist/assets/TutorialBattleScreen-xOahuKah.css        12.10 kB │ gzip:   3.08 kB
dist/assets/AdminConsole-BmTk_mFw.css                64.24 kB │ gzip:  11.18 kB
dist/assets/index-BbYE7vDB.css                    1,247.93 kB │ gzip: 174.99 kB
dist/assets/shopItemIllust-Cr8zJToU.js                0.12 kB │ gzip:   0.11 kB
dist/assets/check-lxhviR6o.js                         0.30 kB │ gzip:   0.25 kB
dist/assets/search-Dwa5BxXp.js                        0.35 kB │ gzip:   0.28 kB
dist/assets/circle-dollar-sign-CUfSva6S.js            0.42 kB │ gzip:   0.31 kB
dist/assets/award-DGyZpiwn.js                         0.45 kB │ gzip:   0.33 kB
dist/assets/refresh-cw-DDZcm13A.js                    0.49 kB │ gzip:   0.33 kB
dist/assets/ticket-BYID8hEA.js                        0.49 kB │ gzip:   0.32 kB
dist/assets/trash-2-EHSWiYBG.js                       0.53 kB │ gzip:   0.35 kB
dist/assets/package-CO9TQieL.js                       0.55 kB │ gzip:   0.36 kB
dist/assets/StoneDecorationPreview-uCGSoDZ2.js        0.57 kB │ gzip:   0.38 kB
dist/assets/palette-C9yVUH9T.js                       0.68 kB │ gzip:   0.38 kB
dist/assets/MessageBoardModal-DpP-S_3a.js             1.35 kB │ gzip:   0.83 kB
dist/assets/InformationCenterLayout-CCTq5vKU.js       2.19 kB │ gzip:   1.00 kB
dist/assets/MarkdownLiteContent-DO4bP3rb.js           2.40 kB │ gzip:   1.02 kB
dist/assets/BattleAssetPreloadScreen-Pl_sEtlG.js      2.64 kB │ gzip:   1.32 kB
dist/assets/WatchModal-DlTeWfvP.js                    3.90 kB │ gzip:   1.68 kB
dist/assets/AchievementModal-mr_Ustok.js              4.18 kB │ gzip:   1.94 kB
dist/assets/LeaderboardModal-j2CTl2g2.js              4.44 kB │ gzip:   1.90 kB
dist/assets/ResumeModal-CTCWDpUO.js                   4.68 kB │ gzip:   2.15 kB
dist/assets/SettingsModal-BFp2fzMR.js                 5.30 kB │ gzip:   2.07 kB
dist/assets/PersonalizationModal-8uB-qR_J.js          5.71 kB │ gzip:   2.21 kB
dist/assets/FriendsModal-QZnSL5aA.js                  7.83 kB │ gzip:   2.92 kB
dist/assets/AnnouncementModal-nJRH9to1.js             8.06 kB │ gzip:   3.16 kB
dist/assets/WarehouseModal-D4TW7gGq.js                8.82 kB │ gzip:   3.59 kB
dist/assets/MailboxModal-COTmUeI4.js                  9.22 kB │ gzip:   3.64 kB
dist/assets/HouseModal-nNJxcXq_.js                   13.43 kB │ gzip:   4.81 kB
dist/assets/RecruitmentModal-DY6D1eW8.js             17.15 kB │ gzip:   5.84 kB
dist/assets/TutorialBattleScreen-BEmD1eCu.js         21.78 kB │ gzip:   7.66 kB
dist/assets/ShopModal-fasnWoZl.js                    26.21 kB │ gzip:   8.52 kB
dist/assets/realtime-vendor-QyAzXPig.js              41.59 kB │ gzip:  13.02 kB
dist/assets/react-vendor-DvgcfV-f.js                193.93 kB │ gzip:  60.58 kB
dist/assets/AdminConsole-CKCEzQFz.js                213.90 kB │ gzip:  58.20 kB
dist/assets/index-BawvmM-Z.js                       505.46 kB │ gzip: 158.08 kB
dist/assets/pixi-vendor-DKLUOadx.js                 870.42 kB │ gzip: 249.95 kB
dist/assets/exceljs.min-CkSz_nNj.js                 940.20 kB │ gzip: 271.34 kB

(!) Some chunks are larger than 900 kB after minification. Consider:
- Using dynamic import() to code-split the application
- Use build.rollupOptions.output.manualChunks to improve chunking: https://rollupjs.org/configuration-options/#output-manualchunks
- Adjust chunk size limit for this warning via build.chunkSizeWarningLimit.
✓ built in 18.16s
