
> sigrika-go@0.1.0 build
> vite build

vite v6.4.3 building for production...
transforming...

__VITE_PUBLIC_ASSET__616c2476__ referenced in __VITE_PUBLIC_ASSET__616c2476__ didn't resolve at build time, it will remain unchanged to be resolved at runtime

__VITE_PUBLIC_ASSET__c67d4ebe__ referenced in __VITE_PUBLIC_ASSET__c67d4ebe__ didn't resolve at build time, it will remain unchanged to be resolved at runtime
✓ 2709 modules transformed.
rendering chunks...
computing gzip size...
dist/index.html                                       2.75 kB │ gzip:   1.23 kB
dist/assets/practiceEngine.worker-BqwyEzGx.js        26.10 kB
dist/assets/App-xOahuKah.css                         12.10 kB │ gzip:   3.08 kB
dist/assets/AdminConsole-BmTk_mFw.css                64.24 kB │ gzip:  11.18 kB
dist/assets/index-CwdlZsGd.css                    1,294.54 kB │ gzip: 180.46 kB
dist/assets/shopItemIllust-BDXecbgn.js                0.12 kB │ gzip:   0.11 kB
dist/assets/check-7FsibwDp.js                         0.30 kB │ gzip:   0.24 kB
dist/assets/search-DjPBWyuJ.js                        0.35 kB │ gzip:   0.27 kB
dist/assets/circle-dollar-sign-D4hwNLXf.js            0.42 kB │ gzip:   0.31 kB
dist/assets/award-2r965ho5.js                         0.45 kB │ gzip:   0.33 kB
dist/assets/ticket-Bcavge2A.js                        0.49 kB │ gzip:   0.32 kB
dist/assets/refresh-cw-Cywjjc1t.js                    0.49 kB │ gzip:   0.33 kB
dist/assets/trash-2-CRN03Qmr.js                       0.53 kB │ gzip:   0.35 kB
dist/assets/package-DtFbWZhF.js                       0.54 kB │ gzip:   0.36 kB
dist/assets/StoneDecorationPreview-uCGSoDZ2.js        0.57 kB │ gzip:   0.38 kB
dist/assets/palette-9tLL7E5m.js                       0.68 kB │ gzip:   0.38 kB
dist/assets/MessageBoardModal-Dnck8sT9.js             1.38 kB │ gzip:   0.85 kB
dist/assets/MarkdownLiteContent-DO4bP3rb.js           2.40 kB │ gzip:   1.02 kB
dist/assets/InformationCenterLayout-BiBct1rV.js       2.46 kB │ gzip:   1.18 kB
dist/assets/BattleAssetPreloadScreen-BkMeC3af.js      2.67 kB │ gzip:   1.33 kB
dist/assets/WatchModal-RGujNhhR.js                    3.94 kB │ gzip:   1.69 kB
dist/assets/AchievementModal-fPWXHsqQ.js              4.22 kB │ gzip:   1.95 kB
dist/assets/LeaderboardModal-AtZeP-qx.js              4.49 kB │ gzip:   1.92 kB
dist/assets/ResumeModal-er87-WBT.js                   4.70 kB │ gzip:   2.17 kB
dist/assets/SettingsModal-oYGhLC45.js                 5.33 kB │ gzip:   2.08 kB
dist/assets/PersonalizationModal-KQggpQJI.js          5.74 kB │ gzip:   2.23 kB
dist/assets/WarehouseModal-1tGvPg7f.js                7.85 kB │ gzip:   3.13 kB
dist/assets/FriendsModal-CZhWb_RT.js                  7.86 kB │ gzip:   2.93 kB
dist/assets/AnnouncementModal-0memHtsJ.js             8.09 kB │ gzip:   3.19 kB
dist/assets/MailboxModal-BiNbvrMJ.js                  9.25 kB │ gzip:   3.65 kB
dist/assets/HouseModal-BZJRLgo3.js                   13.54 kB │ gzip:   4.86 kB
dist/assets/RecruitmentModal-BeZ9bmKR.js             17.19 kB │ gzip:   5.85 kB
dist/assets/TutorialBattleScreen-DKsTwRcv.js         20.99 kB │ gzip:   7.34 kB
dist/assets/ShopModal-DwERaBKF.js                    26.24 kB │ gzip:   8.53 kB
dist/assets/realtime-vendor-QyAzXPig.js              41.59 kB │ gzip:  13.02 kB
dist/assets/index-Bn4w_S7c.js                        76.81 kB │ gzip:  25.19 kB
dist/assets/react-vendor-DvgcfV-f.js                193.93 kB │ gzip:  60.58 kB
dist/assets/AdminConsole-CNEEqpO7.js                211.51 kB │ gzip:  57.68 kB
dist/assets/App-CcBswBj9.js                         454.72 kB │ gzip: 143.58 kB
dist/assets/pixi-vendor-DKLUOadx.js                 870.42 kB │ gzip: 249.95 kB
dist/assets/exceljs.min-CkSz_nNj.js                 940.20 kB │ gzip: 271.34 kB

(!) Some chunks are larger than 900 kB after minification. Consider:
- Using dynamic import() to code-split the application
- Use build.rollupOptions.output.manualChunks to improve chunking: https://rollupjs.org/configuration-options/#output-manualchunks
- Adjust chunk size limit for this warning via build.chunkSizeWarningLimit.
✓ built in 19.55s
